// Jest Snapshot v1, https://goo.gl/fbAQLP

exports[`component ErrorMessage match snapshot 1`] = `
<div
  className="flex flex justify-center items-center h-screen"
>
  <h2
    className="font-gotham coral text-5xl text-center pb-4"
  >
    test
  </h2>
</div>
`;
