// Jest Snapshot v1, https://goo.gl/fbAQLP

exports[`component RecipeItem match snapshot 1`] = `
<div
  className="flex mb-4 mr-4 max-w-sm lg:max-w-xl mb-3 list--item relative"
  key="1"
>
  <div
    className="w-42"
  >
    <Image
      alt="test"
      className="rounded-m m-4"
      size="small"
      src="img"
    />
  </div>
  <div
    className="mt-4 mb-4"
  >
    <h3
      className="font-bebas text-lightGreen mb-1"
    >
      test
    </h3>
    <span
      className="font-roboto uppercase text-xs font-semibold text-darkGray"
    >
      ingredients: 
    </span>
    <span
      className="font-roboto text-xs"
    >
      ing1
    </span>
    <br />
    <Link
      className="coral-link"
      to="/recipe/1"
    >
      see more
    </Link>
  </div>
</div>
`;

exports[`component RecipeItem responds for opening delete recipe modal 1`] = `
<DialogDeleteRecipe
  image="img"
  open={true}
  recipeId="1"
  title="test"
  toggleOpen={[Function]}
/>
`;
