// Jest Snapshot v1, https://goo.gl/fbAQLP

exports[`component ListInput match snapshot 1`] = `
<Fragment>
  <Input
    onChange={[Function]}
    type="text"
    value=""
  />
  <Button
    block={false}
    disabled={true}
    ghost={false}
    htmlType="button"
    loading={false}
    onClick={[Function]}
    type="dashed"
  >
    Add Ingredient
  </Button>
</Fragment>
`;
