// Jest Snapshot v1, https://goo.gl/fbAQLP

exports[`component DialogDeleteRecipe match snapshots 1`] = `null`;
